// Jest Snapshot v1, https://goo.gl/fbAQLP

exports[`add secondary disk without image-id throw error 1`] = `"Secondary disk image id is missing"`;
